// Jest Snapshot v1, https://goo.gl/fbAQLP

exports[`OverlayModal component renders correctly 1`] = `
<Modal
  animationType="none"
  hardwareAccelerated={false}
  onModalHide={[Function]}
  onRequestClose={[Function]}
  transparent={true}
  visible={false}
>
  <View
    accessibilityComponentType={undefined}
    accessibilityLabel={undefined}
    accessibilityTraits={undefined}
    accessible={true}
    collapsable={undefined}
    hitSlop={undefined}
    nativeID={undefined}
    onLayout={undefined}
    onResponderGrant={[Function]}
    onResponderMove={[Function]}
    onResponderRelease={[Function]}
    onResponderTerminate={[Function]}
    onResponderTerminationRequest={[Function]}
    onStartShouldSetResponder={[Function]}
    style={
      Object {
        "backgroundColor": "black",
        "bottom": 0,
        "height": 1334,
        "left": 0,
        "opacity": 0,
        "position": "absolute",
        "right": 0,
        "top": 0,
        "width": 750,
      }
    }
    testID={undefined}
  />
  <View
    collapsable={undefined}
    onModalHide={[Function]}
    pointerEvents="box-none"
    style={
      Object {
        "flex": 1,
        "justifyContent": "center",
        "margin": 37.5,
        "transform": Array [
          Object {
            "translateY": 0,
          },
        ],
      }
    }
  >
    <View
      style={
        Object {
          "backgroundColor": "#FFF",
          "borderRadius": 30,
          "flex": 0,
        }
      }
    >
      <View>
        <Text
          accessible={true}
          allowFontScaling={true}
          disabled={false}
          ellipsizeMode="tail"
          style={
            Object {
              "color": "black",
              "fontSize": 40,
              "margin": 10,
              "paddingVertical": 20,
              "textAlign": "center",
            }
          }
        >
          Time's Up
        </Text>
      </View>
      <View
        style={
          Object {
            "margin": 20,
          }
        }
      >
        <View
          style={
            Object {
              "flexDirection": "row",
            }
          }
        >
          <Text
            accessible={true}
            allowFontScaling={true}
            disabled={false}
            ellipsizeMode="tail"
            style={
              Array [
                Object {
                  "flex": 1,
                  "margin": 10,
                },
                Object {
                  "textAlign": "right",
                },
              ]
            }
          >
            Time: 
          </Text>
          <Text
            accessible={true}
            allowFontScaling={true}
            disabled={false}
            ellipsizeMode="tail"
            style={
              Array [
                Object {
                  "flex": 1,
                  "margin": 10,
                },
                Object {
                  "textAlign": "left",
                },
              ]
            }
          >
            60
          </Text>
        </View>
        <View
          style={
            Object {
              "flexDirection": "row",
            }
          }
        >
          <Text
            accessible={true}
            allowFontScaling={true}
            disabled={false}
            ellipsizeMode="tail"
            style={
              Array [
                Object {
                  "flex": 1,
                  "margin": 10,
                },
                Object {
                  "textAlign": "right",
                },
              ]
            }
          >
            Score: 
          </Text>
          <Text
            accessible={true}
            allowFontScaling={true}
            disabled={false}
            ellipsizeMode="tail"
            style={
              Array [
                Object {
                  "flex": 1,
                  "margin": 10,
                },
                Object {
                  "textAlign": "left",
                },
              ]
            }
          >
            0
          </Text>
        </View>
        <View
          style={
            Object {
              "flexDirection": "row",
            }
          }
        >
          <Text
            accessible={true}
            allowFontScaling={true}
            disabled={false}
            ellipsizeMode="tail"
            style={
              Array [
                Object {
                  "flex": 1,
                  "margin": 10,
                },
                Object {
                  "textAlign": "right",
                },
              ]
            }
          >
            High Score: 
          </Text>
          <Text
            accessible={true}
            allowFontScaling={true}
            disabled={false}
            ellipsizeMode="tail"
            style={
              Array [
                Object {
                  "flex": 1,
                  "margin": 10,
                },
                Object {
                  "textAlign": "left",
                },
              ]
            }
          >
            12
          </Text>
        </View>
      </View>
      <View
        accessibilityComponentType={undefined}
        accessibilityLabel={undefined}
        accessibilityTraits={undefined}
        accessible={true}
        collapsable={undefined}
        hitSlop={undefined}
        isTVSelectable={true}
        nativeID={undefined}
        onLayout={undefined}
        onResponderGrant={[Function]}
        onResponderMove={[Function]}
        onResponderRelease={[Function]}
        onResponderTerminate={[Function]}
        onResponderTerminationRequest={[Function]}
        onStartShouldSetResponder={[Function]}
        style={
          Object {
            "opacity": 1,
          }
        }
        testID={undefined}
        tvParallaxProperties={undefined}
      >
        <Text
          accessible={true}
          allowFontScaling={true}
          disabled={false}
          ellipsizeMode="tail"
          style={
            Object {
              "fontSize": 30,
              "margin": 20,
              "textAlign": "center",
            }
          }
        >
          Close
        </Text>
      </View>
    </View>
  </View>
</Modal>
`;
